<!DOCTYPE html>
<html>
  <head>
    <title>Dusty up in here</title>
  </head>
  <body>
    <ul><li>19</li><li>84</li><li>Carl Lewis</li></ul>
  </body>
</html>
