<!DOCTYPE html>
<html>
<head>
<title>Fruit roll ups</title>
</head>
<body>

<h1><b>fruitrollup</b></h1>
<h2>testing123</h2>

</body>
</html>
